{
  "details": {
    "best_of_sequences": null,
    "finish_reason": "length",
    "generated_tokens": 10,
    "prefill": [
      {
        "id": 2061,
        "logprob": null,
        "text": "What"
      },
      {
        "id": 318,
        "logprob": -3.1835938,
        "text": " is"
      },
      {
        "id": 2769,
        "logprob": -9.171875,
        "text": " deep"
      },
      {
        "id": 4673,
        "logprob": -1.6425781,
        "text": " learning"
      },
      {
        "id": 30,
        "logprob": -0.7314453,
        "text": "?"
      }
    ],
    "seed": null,
    "tokens": [
      {
        "id": 198,
        "logprob": -0.68603516,
        "special": false,
        "text": "\n"
      },
      {
        "id": 198,
        "logprob": -0.005393982,
        "special": false,
        "text": "\n"
      },
      {
        "id": 29744,
        "logprob": -0.31079102,
        "special": false,
        "text": "Deep"
      },
      {
        "id": 4673,
        "logprob": -0.08300781,
        "special": false,
        "text": " learning"
      },
      {
        "id": 318,
        "logprob": -0.58984375,
        "special": false,
        "text": " is"
      },
      {
        "id": 257,
        "logprob": -0.953125,
        "special": false,
        "text": " a"
      },
      {
        "id": 649,
        "logprob": -2.0957031,
        "special": false,
        "text": " new"
      },
      {
        "id": 2214,
        "logprob": -1.8095703,
        "special": false,
        "text": " field"
      },
      {
        "id": 286,
        "logprob": -1.0673828,
        "special": false,
        "text": " of"
      },
      {
        "id": 2267,
        "logprob": -0.9375,
        "special": false,
        "text": " research"
      }
    ],
    "top_tokens": null
  },
  "generated_text": "\n\nDeep learning is a new field of research"
}
